Login successful.
Logout successful.
You must login first
