Login successful.
Logout successful.
Login successful.
