Login successful.
Invalid username or attempting to delete the current user account.
