Login successful.
Invalid game name length. Maximum length is 25 characters.
