Login successful.
A game with the same name already exists. Please choose a unique name.
