Login successful.
Error: Game not found in the available games. 
