Login successful.
Error: The buyer does not have enough money to purchase the game.
