Login successful.
Error: Buyer or seller does not exist.
