Login successful.
Error: The maximum amount of credit to refund is $999,999.99.
