Login successful.
Refund successful. Transferred 100 credits from buystdwcredit to sellstd.
