Login successful.
Error: Username does not exist in the system.
