Login successful.
Error: Maximum $1000.00 can be added to an account in a given session.
