Login successful.
Credit added successfully. New credit for user nonadmin: 100
