Login successful.
Game listed for sale.
A new game for sale has already been added in this session. You can only add one game per session.
