Login successful.
Error: You are the seller of the game.
